osxphotos crash log
Created: 2026-06-19 12:17:31.844091
osxphotos version: 0.76.1
Platform: macOS-26.5.1-arm64-arm-64bit-Mach-O
Python version: 3.14.5 (main, May 10 2026, 10:21:34) [Clang 21.0.0 (clang-2100.0.123.102)]
sys.argv: ['/Users/grahamsmith/.local/bin/osxphotos', 'export', '/Volumes/Backups/Graham/iCloud/Photos', '--library', '/Volumes/PhotosLib/Photos Library (NAS).photoslibrary', '--update', '--sidecar', 'XMP', '--retry', '3', '--report', '/Users/grahamsmith/Library/Logs/photos-export/resume-1.csv']
CRASH_DATA:
locals: {'dest': '/Volumes/Backups/Graham/iCloud/Photos', 'db': '/Volumes/PhotosLib/Photos Library (NAS).photoslibrary', 'add_exported_to_album': None, 'add_missing_to_album': None, 'add_skipped_to_album': None, 'added_after': None, 'added_before': None, 'added_in_last': None, 'album': (), 'album_keyword': False, 'alt_db': None, 'alt_copy': False, 'append': False, 'fix_orientation': False, 'beta': False, 'burst': False, 'checkpoint': None, 'cleanup': False, 'cleanup_command': (), 'cleanup_command_error': None, 'cloudasset': False, 'config_only': False, 'convert_to_jpeg': False, 'crash_after': None, 'current_name': False, 'deleted': False, 'deleted_only': False, 'description': (), 'description_template': None, 'directory': None, 'download_missing': False, 'dry_run': False, 'duplicate': False, 'edited': False, 'edited_suffix': None, 'exif': (), 'exiftool': False, 'exiftool_merge_keywords': False, 'exiftool_merge_persons': False, 'exiftool_option': (), 'exiftool_path': None, 'export_as_hardlink': False, 'export_by_date': False, 'exportdb': None, 'external_edit': False, 'favorite': False, 'favorite_rating': False, 'filename_template': None, 'finder_tag_keywords': False, 'finder_tag_template': (), 'folder': (), 'force_update': False, 'from_date': None, 'from_time': None, 'has_comment': False, 'has_likes': False, 'has_raw': False, 'hdr': False, 'hidden': False, 'ignore_case': False, 'ignore_date_modified': False, 'ignore_exportdb': False, 'ignore_signature': False, 'in_album': False, 'incloud': False, 'is_reference': False, 'jpeg_ext': None, 'jpeg_quality': None, 'keep': (), 'keyword': (), 'keyword_template': (), 'label': (), 'limit': None, 'live': False, 'load_config': None, 'location': False, 'max_size': None, 'min_size': None, 'missing': False, 'name': (), 'newest_first': False, 'no_comment': False, 'no_description': False, 'no_exportdb': False, 'no_keyword': False, 'no_likes': False, 'no_location': False, 'no_place': False, 'no_progress': False, 'no_title': False, 'not_burst': False, 'not_cloudasset': False, 'not_edited': False, 'not_favorite': False, 'not_hdr': False, 'not_hidden': False, 'not_in_album': False, 'not_incloud': False, 'not_live': False, 'not_missing': False, 'not_panorama': False, 'not_portrait': False, 'not_reference': False, 'not_screenshot': False, 'not_screen_recording': False, 'not_selfie': False, 'not_shared': False, 'not_slow_mo': False, 'not_time_lapse': False, 'only_movies': False, 'only_new': False, 'only_photos': False, 'original_suffix': None, 'overwrite': False, 'panorama': False, 'person': (), 'person_keyword': False, 'place': (), 'portrait': False, 'post_command': (), 'post_command_error': None, 'post_function': (), 'pre_load': False, 'preview': False, 'preview_if_missing': False, 'preview_suffix': None, 'print_template': (), 'query_eval': (), 'query_function': (), 'ramdb': False, 'regex': (), 'replace_keywords': False, 'report': '/Users/grahamsmith/Library/Logs/photos-export/resume-1.csv', 'retry': 3, 'retry_nas_alias': None, 'retry_wait': None, 'save_config': None, 'screenshot': False, 'screen_recording': False, 'selfie': False, 'shared': False, 'export_aae': False, 'sidecar': ('xmp',), 'sidecar_drop_ext': False, 'sidecar_template': (), 'skip_bursts': False, 'skip_edited': False, 'skip_live': False, 'skip_original_if_edited': False, 'skip_raw': False, 'skip_raw_jpeg': False, 'skip_uuid': (), 'skip_uuid_from_file': None, 'slow_mo': False, 'strip': False, 'theme': None, 'time_lapse': False, 'timestamp': False, 'title': (), 'tmpdir': None, 'to_date': None, 'to_time': None, 'touch_file': False, 'update': True, 'update_errors': False, 'use_photokit': False, 'use_photos_export': False, 'uti': None, 'uuid': (), 'uuid_from_file': None, 'verbose_flag': 0, 'xattr_template': (), 'year': (), 'syndicated': False, 'not_syndicated': False, 'saved_to_library': False, 'not_saved_to_library': False, 'shared_moment': False, 'not_shared_moment': False, 'shared_library': False, 'not_shared_library': False, 'selected': False, 'ctx': <click.core.Context object at 0x112d98050>, 'cli_obj': <osxphotos.cli.cli.CLI_Obj object at 0x112cbea50>}
osxphotos version: 0.76.1
Error: Error copying/Volumes/PhotosLib/Photos Library (NAS).photoslibrary/database/Photos.sqlite to /var/folders/2s/yhr90rl9529gl9dg8_xpmdfm0000gn/T/osxphotos_xor7d8oc/Photos.sqlite
Traceback (most recent call last):
  File "/Users/grahamsmith/.local/pipx/venvs/osxphotos/lib/python3.14/site-packages/osxphotos/fileutil.py", line 778, in copy
    shutil.copy(str(src), str(dest))
    ~~~~~~~~~~~^^^^^^^^^^^^^^^^^^^^^
  File "/opt/homebrew/Cellar/python@3.14/3.14.5/Frameworks/Python.framework/Versions/3.14/lib/python3.14/shutil.py", line 489, in copy
    copyfile(src, dst, follow_symlinks=follow_symlinks)
    ~~~~~~~~^^^^^^^^^^^^^^^^^^^^^^^^^^^^^^^^^^^^^^^^^^^
  File "/opt/homebrew/Cellar/python@3.14/3.14.5/Frameworks/Python.framework/Versions/3.14/lib/python3.14/shutil.py", line 319, in copyfile
    _fastcopy_fcopyfile(fsrc, fdst, posix._COPYFILE_DATA)
    ~~~~~~~~~~~~~~~~~~~^^^^^^^^^^^^^^^^^^^^^^^^^^^^^^^^^^
  File "/opt/homebrew/Cellar/python@3.14/3.14.5/Frameworks/Python.framework/Versions/3.14/lib/python3.14/shutil.py", line 116, in _fastcopy_fcopyfile
    raise err from None
  File "/opt/homebrew/Cellar/python@3.14/3.14.5/Frameworks/Python.framework/Versions/3.14/lib/python3.14/shutil.py", line 109, in _fastcopy_fcopyfile
    posix._fcopyfile(infd, outfd, flags)
    ~~~~~~~~~~~~~~~~^^^^^^^^^^^^^^^^^^^^
OSError: [Errno 5] Input/output error: '/Volumes/PhotosLib/Photos Library (NAS).photoslibrary/database/Photos.sqlite' -> '/var/folders/2s/yhr90rl9529gl9dg8_xpmdfm0000gn/T/osxphotos_xor7d8oc/Photos.sqlite'

The above exception was the direct cause of the following exception:

Traceback (most recent call last):
  File "/Users/grahamsmith/.local/pipx/venvs/osxphotos/lib/python3.14/site-packages/osxphotos/photosdb/photosdb.py", line 731, in _copy_db_file
    FileUtil.copy(fname, dest_path)
    ~~~~~~~~~~~~~^^^^^^^^^^^^^^^^^^
  File "/Users/grahamsmith/.local/pipx/venvs/osxphotos/lib/python3.14/site-packages/osxphotos/fileutil.py", line 212, in wrapper
    return retryer(func)(*args, **kwargs)
           ~~~~~~~~~~~~~^^^^^^^^^^^^^^^^^
  File "/Users/grahamsmith/.local/pipx/venvs/osxphotos/lib/python3.14/site-packages/tenacity/__init__.py", line 336, in wrapped_f
    return copy(f, *args, **kw)
  File "/Users/grahamsmith/.local/pipx/venvs/osxphotos/lib/python3.14/site-packages/tenacity/__init__.py", line 475, in __call__
    do = self.iter(retry_state=retry_state)
  File "/Users/grahamsmith/.local/pipx/venvs/osxphotos/lib/python3.14/site-packages/tenacity/__init__.py", line 376, in iter
    result = action(retry_state)
  File "/Users/grahamsmith/.local/pipx/venvs/osxphotos/lib/python3.14/site-packages/tenacity/__init__.py", line 398, in <lambda>
    self._add_action_func(lambda rs: rs.outcome.result())
                                     ~~~~~~~~~~~~~~~~~^^
  File "/opt/homebrew/Cellar/python@3.14/3.14.5/Frameworks/Python.framework/Versions/3.14/lib/python3.14/concurrent/futures/_base.py", line 443, in result
    return self.__get_result()
           ~~~~~~~~~~~~~~~~~^^
  File "/opt/homebrew/Cellar/python@3.14/3.14.5/Frameworks/Python.framework/Versions/3.14/lib/python3.14/concurrent/futures/_base.py", line 395, in __get_result
    raise self._exception
  File "/Users/grahamsmith/.local/pipx/venvs/osxphotos/lib/python3.14/site-packages/tenacity/__init__.py", line 478, in __call__
    result = fn(*args, **kwargs)
  File "/Users/grahamsmith/.local/pipx/venvs/osxphotos/lib/python3.14/site-packages/osxphotos/fileutil.py", line 782, in copy
    raise OSError(f"Error copying {src} to {dest}: {e}") from e
OSError: Error copying /Volumes/PhotosLib/Photos Library (NAS).photoslibrary/database/Photos.sqlite to /var/folders/2s/yhr90rl9529gl9dg8_xpmdfm0000gn/T/osxphotos_xor7d8oc/Photos.sqlite: [Errno 5] Input/output error: '/Volumes/PhotosLib/Photos Library (NAS).photoslibrary/database/Photos.sqlite' -> '/var/folders/2s/yhr90rl9529gl9dg8_xpmdfm0000gn/T/osxphotos_xor7d8oc/Photos.sqlite'

The above exception was the direct cause of the following exception:

Traceback (most recent call last):
  File "/Users/grahamsmith/.local/pipx/venvs/osxphotos/lib/python3.14/site-packages/osxphotos/crash_reporter.py", line 79, in wrapped
    return func(*args, **kwargs)
  File "/Users/grahamsmith/.local/pipx/venvs/osxphotos/lib/python3.14/site-packages/osxphotos/cli/export.py", line 1172, in export
    return_code = export_cli(**locals())
  File "/Users/grahamsmith/.local/pipx/venvs/osxphotos/lib/python3.14/site-packages/osxphotos/cli/export.py", line 1957, in export_cli
    photosdb = open_photosdb(
        db=db, alt_db=alt_db, db_verbose=db_verbose, exiftool_path=exiftool_path
    )
  File "/Users/grahamsmith/.local/pipx/venvs/osxphotos/lib/python3.14/site-packages/osxphotos/cli/export.py", line 3777, in open_photosdb
    photosdb = osxphotos.PhotosDB(
        dbfile=alt_db if alt_db else db,
    ...<3 lines>...
        library_path=library_path if alt_db else None,
    )
  File "/Users/grahamsmith/.local/pipx/venvs/osxphotos/lib/python3.14/site-packages/osxphotos/photosdb/photosdb.py", line 315, in __init__
    self._find_database(dbfile, library_path)
    ~~~~~~~~~~~~~~~~~~~^^^^^^^^^^^^^^^^^^^^^^
  File "/Users/grahamsmith/.local/pipx/venvs/osxphotos/lib/python3.14/site-packages/osxphotos/photosdb/photosdb.py", line 441, in _find_database
    self._tmp_db = self._copy_db_file(self._dbfile_actual)
                   ~~~~~~~~~~~~~~~~~~^^^^^^^^^^^^^^^^^^^^^
  File "/Users/grahamsmith/.local/pipx/venvs/osxphotos/lib/python3.14/site-packages/osxphotos/photosdb/photosdb.py", line 738, in _copy_db_file
    raise IOError(f"Error copying{fname} to {dest_path}") from e
OSError: Error copying/Volumes/PhotosLib/Photos Library (NAS).photoslibrary/database/Photos.sqlite to /var/folders/2s/yhr90rl9529gl9dg8_xpmdfm0000gn/T/osxphotos_xor7d8oc/Photos.sqlite
